// Jest Snapshot v1, https://goo.gl/fbAQLP

exports[`<TodoListPage /> Unit testing with mocked Apollo server Should render and match the snapshot 1`] = `
<div>
  <h1
    class="H1-tncdg6-0 hpAKSC"
  >
    <span>
      To do List
    </span>
  </h1>
  <div>
    <div
      class="Wrapper-sc-12k4hfk-0 bCxcuC"
    >
      <div
        id="todo-1"
      >
        <button
          data-testid="todo-1"
          type="button"
        >
          Item 1
        </button>
        <div
          class="Checkbox-eu7a0t-0 hmJxlM"
          data-testid="toggle-1"
          role="button"
          type="button"
        />
        <button
          data-testid="delete-1"
          src="/false"
          type="button"
        />
      </div>
      <div
        id="todo-2"
      >
        <button
          data-testid="todo-2"
          type="button"
        >
          Item 2
        </button>
        <div
          class="Checkbox-eu7a0t-0 hmJxlM"
          data-testid="toggle-2"
          role="button"
          type="button"
        />
        <button
          data-testid="delete-2"
          src="/false"
          type="button"
        />
      </div>
      <div
        id="todo-3"
      >
        <button
          data-testid="todo-3"
          type="button"
        >
          Item 3
        </button>
        <div
          class="Checkbox-eu7a0t-0 hmJxlM"
          data-testid="toggle-3"
          role="button"
          type="button"
        />
        <button
          data-testid="delete-3"
          src="/false"
          type="button"
        />
      </div>
    </div>
    <div>
      <input
        data-testid="add-todo-input"
        type="text"
        value=""
      />
      <button
        data-testid="add-todo-button"
        type="button"
      >
        <span>
          Add
        </span>
      </button>
    </div>
  </div>
</div>
`;
