// Jest Snapshot v1, https://goo.gl/fbAQLP

exports[`<TodoListPage /> Unit testing with mocked Apollo server Should render and match the snapshot 1`] = `
<div>
  <h1
    class="H1-tncdg6-0 hpAKSC"
  >
    <span>
      To do List
    </span>
  </h1>
  <div>
    <div
      class="Wrapper-sc-12k4hfk-0 bCxcuC"
    >
      <div
        class="Wrapper-ziinx6-0 ecjWnr"
        id="todo-1"
      >
        <div
          class="TodoTitle-xxpseh-0 cHcgZX"
          data-testid="todo-1"
          role="button"
          type="button"
        >
          Item 1
        </div>
        <div
          class="TodoOptions-sc-1s3b1hj-0 jWmTOe"
        >
          <div
            alt="check"
            class="Checkbox-eu7a0t-0 hjQtxn"
            data-testid="toggle-1"
            role="button"
            type="button"
          />
          <div
            alt="delete"
            class="DeleteButton-sc-2zb8s8-0 ceLVod"
            data-testid="delete-1"
            role="button"
            type="button"
          />
        </div>
      </div>
      <div
        class="Wrapper-ziinx6-0 ecjWnr"
        id="todo-2"
      >
        <div
          class="TodoTitle-xxpseh-0 cHcgZX"
          data-testid="todo-2"
          role="button"
          type="button"
        >
          Item 2
        </div>
        <div
          class="TodoOptions-sc-1s3b1hj-0 jWmTOe"
        >
          <div
            alt="uncheck"
            class="Checkbox-eu7a0t-0 hjQtxn"
            data-testid="toggle-2"
            role="button"
            type="button"
          />
          <div
            alt="delete"
            class="DeleteButton-sc-2zb8s8-0 ceLVod"
            data-testid="delete-2"
            role="button"
            type="button"
          />
        </div>
      </div>
      <div
        class="Wrapper-ziinx6-0 ecjWnr"
        id="todo-3"
      >
        <div
          class="TodoTitle-xxpseh-0 cHcgZX"
          data-testid="todo-3"
          role="button"
          type="button"
        >
          Item 3
        </div>
        <div
          class="TodoOptions-sc-1s3b1hj-0 jWmTOe"
        >
          <div
            alt="check"
            class="Checkbox-eu7a0t-0 hjQtxn"
            data-testid="toggle-3"
            role="button"
            type="button"
          />
          <div
            alt="delete"
            class="DeleteButton-sc-2zb8s8-0 ceLVod"
            data-testid="delete-3"
            role="button"
            type="button"
          />
        </div>
      </div>
    </div>
    <div>
      <input
        data-testid="add-todo-input"
        type="text"
        value=""
      />
      <button
        data-testid="add-todo-button"
        type="button"
      >
        <span>
          Add
        </span>
      </button>
    </div>
  </div>
</div>
`;
